=== release check ===
./check.sh
5 files already formatted
All checks passed!
..                                                                       [100%]
2 passed in 0.00s
=== release build ===
./check.sh
5 files already formatted
All checks passed!
..                                                                       [100%]
2 passed in 0.00s
rm -rf dist build *.egg-info src/*.egg-info
/home/dmh/桌面/system-tools-week3/.venv-dev/bin/python -m build --no-isolation --wheel
* Getting build dependencies for wheel...
running egg_info
creating src/greetlab_25020007021.egg-info
writing src/greetlab_25020007021.egg-info/PKG-INFO
writing dependency_links to src/greetlab_25020007021.egg-info/dependency_links.txt
writing entry points to src/greetlab_25020007021.egg-info/entry_points.txt
writing top-level names to src/greetlab_25020007021.egg-info/top_level.txt
writing manifest file 'src/greetlab_25020007021.egg-info/SOURCES.txt'
reading manifest file 'src/greetlab_25020007021.egg-info/SOURCES.txt'
writing manifest file 'src/greetlab_25020007021.egg-info/SOURCES.txt'
* Building wheel...
running bdist_wheel
running build
running build_py
creating build/lib/greetlab
copying src/greetlab/cli.py -> build/lib/greetlab
copying src/greetlab/__init__.py -> build/lib/greetlab
running egg_info
writing src/greetlab_25020007021.egg-info/PKG-INFO
writing dependency_links to src/greetlab_25020007021.egg-info/dependency_links.txt
writing entry points to src/greetlab_25020007021.egg-info/entry_points.txt
writing top-level names to src/greetlab_25020007021.egg-info/top_level.txt
reading manifest file 'src/greetlab_25020007021.egg-info/SOURCES.txt'
writing manifest file 'src/greetlab_25020007021.egg-info/SOURCES.txt'
installing to build/bdist.linux-x86_64/wheel
running install
running install_lib
creating build/bdist.linux-x86_64/wheel
creating build/bdist.linux-x86_64/wheel/greetlab
copying build/lib/greetlab/cli.py -> build/bdist.linux-x86_64/wheel/./greetlab
copying build/lib/greetlab/__init__.py -> build/bdist.linux-x86_64/wheel/./greetlab
running install_egg_info
Copying src/greetlab_25020007021.egg-info to build/bdist.linux-x86_64/wheel/./greetlab_25020007021-0.3.0-py3.12.egg-info
running install_scripts
creating build/bdist.linux-x86_64/wheel/greetlab_25020007021-0.3.0.dist-info/WHEEL
creating '/home/dmh/桌面/system-tools-week4/practice/instance10/project/dist/.tmp-gjj1y_hj/greetlab_25020007021-0.3.0-py3-none-any.whl' and adding 'build/bdist.linux-x86_64/wheel' to it
adding 'greetlab/__init__.py'
adding 'greetlab/cli.py'
adding 'greetlab_25020007021-0.3.0.dist-info/METADATA'
adding 'greetlab_25020007021-0.3.0.dist-info/WHEEL'
adding 'greetlab_25020007021-0.3.0.dist-info/entry_points.txt'
adding 'greetlab_25020007021-0.3.0.dist-info/top_level.txt'
adding 'greetlab_25020007021-0.3.0.dist-info/RECORD'
removing build/bdist.linux-x86_64/wheel
Successfully built greetlab_25020007021-0.3.0-py3-none-any.whl
f8e833e464caa6d3ceb0e8182e6b138ac88b7675c032e57bdb718f7c6bc64a6f  dist/greetlab_25020007021-0.3.0-py3-none-any.whl
release_pipeline=passed
